// Jest Snapshot v1, https://goo.gl/fbAQLP

exports[`renders Correctly 1`] = `
<div
  style={
    Object {
      "minHeight": "70vh",
    }
  }
>
  <h3>
     No Anime Added Yet! 
  </h3>
</div>
`;
