// Jest Snapshot v1, https://goo.gl/fbAQLP

exports[`renders Correctly 1`] = `null`;
